[2026-03-14 21:19:20][INFO] 日志系统初始化成功，日志文件: server.log
[2026-03-14 21:19:20][INFO] 日志写入模式: 异步写入 (1)
[2026-03-14 21:19:20][INFO] 日志级别: INFO (1)
[2026-03-14 21:19:20][INFO] 服务器准备启动
[2026-03-14 21:19:20][ERROR] bind 失败: Address already in use
[2026-03-14 21:19:20][ERROR] 服务器初始化失败
[2026-03-14 21:19:31][INFO] 日志系统初始化成功，日志文件: server.log
[2026-03-14 21:19:31][INFO] 日志写入模式: 异步写入 (1)
[2026-03-14 21:19:31][INFO] 日志级别: INFO (1)
[2026-03-14 21:19:31][INFO] 服务器准备启动
[2026-03-14 21:19:31][ERROR] bind 失败: Address already in use
[2026-03-14 21:19:31][ERROR] 服务器初始化失败
[2026-03-14 21:19:58][INFO] 日志系统初始化成功，日志文件: server.log
[2026-03-14 21:19:58][INFO] 日志写入模式: 异步写入 (1)
[2026-03-14 21:19:58][INFO] 日志级别: INFO (1)
[2026-03-14 21:19:58][INFO] 服务器准备启动
[2026-03-14 21:19:58][ERROR] bind 失败: Address already in use
[2026-03-14 21:19:58][ERROR] 服务器初始化失败
[2026-03-14 21:20:16][INFO] 日志系统初始化成功，日志文件: server.log
[2026-03-14 21:20:16][INFO] 日志写入模式: 异步写入 (1)
[2026-03-14 21:20:16][INFO] 日志级别: INFO (1)
[2026-03-14 21:20:16][INFO] 服务器准备启动
[2026-03-14 21:20:16][ERROR] bind 失败: Address already in use
[2026-03-14 21:20:16][ERROR] 服务器初始化失败
[2026-03-14 21:20:39][INFO] 日志系统初始化成功，日志文件: server.log
[2026-03-14 21:20:39][INFO] 日志写入模式: 异步写入 (1)
[2026-03-14 21:20:39][INFO] 日志级别: INFO (1)
[2026-03-14 21:20:39][INFO] 服务器准备启动
[2026-03-14 21:20:39][ERROR] bind 失败: Address already in use
[2026-03-14 21:20:39][ERROR] 服务器初始化失败
[2026-03-14 21:22:45][INFO] 日志系统初始化成功，日志文件: server.log
[2026-03-14 21:22:45][INFO] 日志写入模式: 异步写入 (1)
[2026-03-14 21:22:45][INFO] 日志级别: INFO (1)
[2026-03-14 21:22:45][INFO] 服务器准备启动
[2026-03-14 21:22:45][ERROR] bind 失败: Address already in use
[2026-03-14 21:22:45][ERROR] 服务器初始化失败
[2026-03-14 21:25:45][INFO] 日志系统初始化成功，日志文件: server.log
[2026-03-14 21:25:45][INFO] 日志写入模式: 异步写入 (1)
[2026-03-14 21:25:45][INFO] 日志级别: INFO (1)
[2026-03-14 21:25:45][INFO] 服务器准备启动
[2026-03-14 21:25:45][ERROR] bind 失败: Address already in use
[2026-03-14 21:25:45][ERROR] 服务器初始化失败
[2026-03-14 21:26:03][INFO] 日志系统初始化成功，日志文件: server.log
[2026-03-14 21:26:03][INFO] 日志写入模式: 异步写入 (1)
[2026-03-14 21:26:03][INFO] 日志级别: INFO (1)
[2026-03-14 21:26:03][INFO] 服务器准备启动
[2026-03-14 21:26:03][ERROR] bind 失败: Address already in use
[2026-03-14 21:26:03][ERROR] 服务器初始化失败
